C51 COMPILER V7.06   TEST                                                                  08/02/2018 13:50:46 PAGE 1   


C51 COMPILER V7.06, COMPILATION OF MODULE TEST
OBJECT MODULE PLACED IN test.OBJ
COMPILER INVOKED BY: C:\Keil\C51\BIN\C51.EXE test.c OPTIMIZE(9,SPEED) BROWSE DEBUG OBJECTEXTEND

stmt level    source

   1          /*
   2          G162 驱动无背光的HT1621 3+5断码屏
   3          
   4          STC12C5A40S2 3.57MHz
   5          
   6          倒时器，内置温度计
   7          
   8          
   9          2018-7-31
  10          */
  11          
  12          sfr P4          =   0xc0;
  13          sfr P4SW = 0xBB;
  14          
  15          
  16          #include<reg52.h> //包含头文件，一般情况不需要改动，头文件包含特殊功能寄存器的定义
  17          #include<intrins.h>
  18          
  19          
  20          #include "1601_P11C.C"
  21          
  22          sfr P3M0        =   0xB2;   //0000,0000 端口3模式寄存器0
  23          
  24          #include "ad.h"
  25          
  26          sbit spk=P3^4;
  27          sbit led=P4^0;
  28          
  29          unsigned int cc;  //200ns 变量
  30          unsigned int st;  //计秒变量
  31          bit run;          //是否倒时
  32          
  33          sbit key1=P1^0;    //按钮1
  34          sbit key2=P1^1;    //按钮2
  35          sbit key3=P1^2;
  36          
  37          
  38          
  39          
  40          
  41          /*------------------------------------------------
  42                             蜂呜器子程序
  43          ------------------------------------------------*/
  44          void beep()
  45          {
  46   1      unsigned char y;
  47   1      
  48   1      for(y=0;y<100;y++)
  49   1       {
  50   2        spk=0;
  51   2        DelayUs2x(250);  DelayUs2x(250);  DelayUs2x(250);  DelayUs2x(250);   DelayUs2x(250);
  52   2        spk=1;
  53   2        DelayUs2x(250);  DelayUs2x(250);  DelayUs2x(250);  DelayUs2x(250);   DelayUs2x(250);
  54   2       }
  55   1      
C51 COMPILER V7.06   TEST                                                                  08/02/2018 13:50:46 PAGE 2   

  56   1      }
  57          
  58          
  59          
  60          
  61          
  62          
  63          
  64          /*------------------------------------------------
  65                             蜂呜器子程序
  66          ------------------------------------------------*/
  67          void beep1()
  68          {
  69   1      unsigned char y;
  70   1      
  71   1      for(y=0;y<100;y++)
  72   1       {
  73   2        spk=0;
  74   2        DelayUs2x(250);   DelayUs2x(250);  DelayUs2x(250);DelayUs2x(250);
  75   2        spk=1;
  76   2        DelayUs2x(250);   DelayUs2x(250);  DelayUs2x(250);DelayUs2x(250);
  77   2       }
  78   1      
  79   1      }
  80          
  81          
  82          /*---------------------------------
  83               AD 转成温度，返回温度的10倍
  84          ----------------------------------*/
  85          unsigned int getwd(unsigned int wd)
  86          {
  87   1      unsigned int x1,x2; //AD计算中间量
  88   1      unsigned char x3,x4; //AD计算中间量
  89   1                 {x1=150; x2=602; x3=63; x4=65; } //8.3-15度
  90   1      if(wd<602) {x1=198; x2=542; x3=48; x4=60; } //15-19.8度
  91   1      if(wd<542) {x1=225; x2=515; x3=1; x4=1; } //19.8-22.5度
  92   1      if(wd<515) {x1=250; x2=484; x3=25; x4=31; } //22.5-25度
  93   1      if(wd<484) {x1=275; x2=459; x3=1; x4=1; } //25-27.5度
  94   1      if(wd<459) {x1=300; x2=439; x3=25; x4=20; } //27.5-30度
  95   1      if(wd<439) {x1=350; x2=396; x3=50; x4=43; } //30-35度
  96   1      if(wd<396) {x1=502; x2=291; x3=52; x4=36; } //50-35度
  97   1      
  98   1      return ( x1 - ( wd - x2) * x3 / x4 );
  99   1      }
 100          
 101          
 102          
 103          
 104          
 105          
 106          
 107          
 108          
 109          /*------------------------------------------------
 110                              定时器初始化子程序 定时器0
 111          ------------------------------------------------*/
 112          void Init_Timer0(void)
 113          {
 114   1       TMOD |= 0x02;    //使用模式2，八位自动重装定时器                    
 115   1       TH0=0x05;            //给定初值，250ns一个中断
 116   1       TL0=0x05;
 117   1       EA=1;            //总中断打开
C51 COMPILER V7.06   TEST                                                                  08/02/2018 13:50:46 PAGE 3   

 118   1       ET0=1;           //定时器中断打开
 119   1       TR0=1;           //定时器开关打开
 120   1      }
 121          
 122          
 123          
 124          /*------------------------------------------------
 125                           定时器中断子程序 0
 126          ------------------------------------------------*/
 127          void Timer0_isr(void) interrupt 1 using 1
 128          {
 129   1       cc++;
 130   1       if(cc==7373)  // 使用4M晶振，1333，使用12M晶振时4000 22.1184 7272.8
 131   1        {
 132   2          cc=0;
 133   2          if(run)  //正在倒计时
 134   2          if(st)  st--;
 135   2        }
 136   1      }
 137          
 138          
 139          
 140          
 141          
 142          
 143          
 144          
 145          
 146          
 147          
 148          
 149          /*------------------------------------------------
 150                                 显示
 151          ------------------------------------------------*/
 152          void disp4led()
 153          {
 154   1      print(4,0x30+st/3600/10);
 155   1      print(5,0x30+(st/3600)%10);
 156   1      print(6,':');
 157   1      print(7,0x30+(st%3600)/60/10);
 158   1      print(8,0x30+(st%3600)/60%10);
 159   1      print(9,':');
 160   1      print(10,0x30+st%60/10);
 161   1      print(11,0x30+st%60%10);
 162   1      
 163   1      }
 164          
 165          
 166          
 167          
 168          
 169          
 170          
 171          /*------------------------------------------------
 172                               main
 173          ------------------------------------------------*/
 174          void main()
 175          {
 176   1      unsigned int wd; //温度
 177   1      unsigned int s2; //上一秒
 178   1      unsigned char i; //for的变量
 179   1      unsigned char ca2; //长按用变量
C51 COMPILER V7.06   TEST                                                                  08/02/2018 13:50:46 PAGE 4   

 180   1      unsigned int ca3; //待机状态计时 ,用于显示温度
 181   1      
 182   1      P4SW=0x70;    //将P4.4 P4.5 P4.6设为IO口
 183   1      
 184   1      run=0;  //不倒时
 185   1      
 186   1      InitADC();
 187   1      Init_Timer0();
 188   1      LCD_Init();
 189   1      LCD_Clear();
 190   1      
 191   1      beep();
 192   1      
 193   1      
 194   1      
 195   1      
 196   1      
 197   1      
 198   1      
 199   1      st=0;
 200   1      s2=1;
 201   1      while(1)
 202   1      {
 203   2       if(run==0) //如果是待机状态，一会儿就进入温度计界面
 204   2       {
 205   3        DelayMs(30);
 206   3        ca3++;
 207   3        if(ca3==2500)
 208   3         {
 209   4           ca3=0;
 210   4           wd=getwd(1023-ad(6));  //由于电路上 RT 和分压电阻的位置交换，所以程序里要倒一下，算法才对
 211   4           LCD_Clear();
 212   4           if(wd>99) print(6,0x30+wd/100);
 213   4           print(7,0x30+wd%100/10);
 214   4           print(8,'.');
 215   4           print(9,0x30+wd%10);
 216   4           print(10,'c');
 217   4         }
 218   3       }
 219   2      
 220   2       if(s2!=st)
 221   2       {
 222   3        disp4led();    //写入显示缓冲区
 223   3        s2=st;
 224   3        led=~run;
 225   3       }
 226   2      
 227   2       if(!key1)   //加1分
 228   2        {
 229   3         DelayMs(30);
 230   3         if(!key1)
 231   3          {
 232   4           run=0;
 233   4           st+=60;
 234   4           disp4led();     
 235   4           beep();
 236   4           ca2=0; //长按计时清零
 237   4           while(!key1) 
 238   4            {
 239   5             DelayMs(25);
 240   5             if(ca2<50) ca2++;
 241   5             if(ca2>40)
C51 COMPILER V7.06   TEST                                                                  08/02/2018 13:50:46 PAGE 5   

 242   5             {
 243   6              st+=120;
 244   6              disp4led();     
 245   6              beep();
 246   6              DelayMs(200);
 247   6              DelayMs(100);
 248   6             }
 249   5      
 250   5            }
 251   4            cc=0;
 252   4            run=1;
 253   4          }
 254   3         }
 255   2      
 256   2      
 257   2       if(!key2)   //减1分
 258   2        {
 259   3         DelayMs(30);
 260   3         if(!key2)
 261   3          {
 262   4           if(st>59)
 263   4           {
 264   5            st-=60;
 265   5            cc=0;
 266   5            run=1;
 267   5           }
 268   4           disp4led();     
 269   4           beep();
 270   4           while(!key2) DelayMs(30);
 271   4          }
 272   3         }
 273   2      
 274   2       
 275   2       if(!key3)   //清零
 276   2        {
 277   3         DelayMs(30);
 278   3         if(!key3)
 279   3          {
 280   4           run=0;
 281   4           cc=0;
 282   4           st=0;
 283   4           printf_str(0,"G162 Timer V1.00");
 284   4           beep();
 285   4           DelayMs(250);
 286   4           while(!key3) DelayMs(30);
 287   4           LCD_Clear();
 288   4           disp4led(); 
 289   4           beep();     beep();    
 290   4          }
 291   3         }
 292   2      
 293   2      
 294   2      
 295   2       if(run)
 296   2        if(st==0)
 297   2        {
 298   3         disp4led();
 299   3         run=0;
 300   3         for(i=0;i<20;i++)
 301   3         {
 302   4          led=~led;
 303   4          beep();
C51 COMPILER V7.06   TEST                                                                  08/02/2018 13:50:46 PAGE 6   

 304   4          if(!key1) i=100;  //如果有按键按下，就退出
 305   4          if(!key2) i=100;
 306   4          if(!key3) i=100;
 307   4          DelayMs(100);
 308   4          led=~led;
 309   4          beep1();
 310   4          if(!key1) i=100;
 311   4          if(!key2) i=100;
 312   4          if(!key3) i=100;
 313   4          DelayMs(100);
 314   4         }
 315   3         while(!key1);  //等等松开按键，再重新开始
 316   3         while(!key2);
 317   3         while(!key3);
 318   3         DelayMs(200);
 319   3        }
 320   2      
 321   2      
 322   2      }  //whlie结束
 323   1      
 324   1      }
 325          


MODULE INFORMATION:   STATIC OVERLAYABLE
   CODE SIZE        =   1301    ----
   CONSTANT SIZE    =     17    ----
   XDATA SIZE       =   ----    ----
   PDATA SIZE       =   ----    ----
   DATA SIZE        =      4      12
   IDATA SIZE       =   ----    ----
   BIT SIZE         =      1    ----
END OF MODULE INFORMATION.


C51 COMPILATION COMPLETE.  0 WARNING(S),  0 ERROR(S)
