C51 COMPILER V7.06   TEST                                                                  07/31/2018 10:32:49 PAGE 1   


C51 COMPILER V7.06, COMPILATION OF MODULE TEST
OBJECT MODULE PLACED IN test.OBJ
COMPILER INVOKED BY: C:\Keil\C51\BIN\C51.EXE test.c OPTIMIZE(9,SPEED) BROWSE DEBUG OBJECTEXTEND

stmt level    source

   1          /*
   2          G162 驱动无背光的HT1621 3+5断码屏
   3          
   4          STC12C5A40S2 3.57MHz
   5          
   6          2018-7-31
   7          */
   8          
   9          sfr P4          =   0xc0;
  10          sfr P4SW = 0xBB;
  11          
  12          
  13          #include<reg52.h> //包含头文件，一般情况不需要改动，头文件包含特殊功能寄存器的定义
  14          #include<intrins.h>
  15          
  16          //D1201控制位（液晶模块接口定义，根据自已的需要更改）
  17          sbit D1201_DAT=P0^3;
  18          sbit D1201_CS=P0^0;     //lower enable
  19          sbit D1201_WR=P0^2;     //rising edge
  20          sbit D1201_RD=P0^1;
  21          
  22          #include "LCD-1621.c"     //3+5位段式液晶无背光 0.5元 LCD-V5.3 5v供电效果最好
  23          //#include "DelayMs_15F104E6.h"    //15F104 6M延时
  24          
  25          sfr P3M0        =   0xB2;   //0000,0000 端口3模式寄存器0
  26          
  27          #include "ad.h"
  28          
  29          sbit spk=P3^4;
  30          sbit led=P4^0;
  31          
  32          /*------------------------------------------------
  33           uS延时函数，含有输入参数 unsigned char t，无返回值
  34           unsigned char 是定义无符号字符变量，其值的范围是
  35           0~255 这里使用晶振12M，精确延时请使用汇编,大致延时
  36           长度如下 T=tx2+5 uS 
  37          ------------------------------------------------*/
  38          void DelayUs2x(unsigned char t)
  39          {   
  40   1       while(--t);
  41   1      }
  42          
  43          void DelayMs(unsigned int t)
  44          {
  45   1      while(--t)
  46   1      {
  47   2      DelayUs2x(235);
  48   2      DelayUs2x(235);
  49   2      }
  50   1      
  51   1      }
  52          
  53          
  54          
  55          /*------------------------------------------------
C51 COMPILER V7.06   TEST                                                                  07/31/2018 10:32:49 PAGE 2   

  56                             蜂呜器子程序
  57          ------------------------------------------------*/
  58          void beep()
  59          {
  60   1      unsigned char y;
  61   1      
  62   1      for(y=0;y<100;y++)
  63   1       {
  64   2        spk=0;
  65   2        DelayUs2x(250);  DelayUs2x(50);
  66   2        spk=1;
  67   2        DelayUs2x(250);  DelayUs2x(50);
  68   2       }
  69   1      
  70   1      
  71   1      }
  72          
  73          
  74          
  75          
  76          /*---------------------------------
  77               AD 转成温度，返回温度的10倍
  78          ----------------------------------*/
  79          unsigned int getwd(unsigned int wd)
  80          {
  81   1      unsigned int x1,x2; //AD计算中间量
  82   1      unsigned char x3,x4; //AD计算中间量
  83   1                 {x1=150; x2=602; x3=63; x4=65; } //8.3-15度
  84   1      if(wd<602) {x1=198; x2=542; x3=48; x4=60; } //15-19.8度
  85   1      if(wd<542) {x1=225; x2=515; x3=1; x4=1; } //19.8-22.5度
  86   1      if(wd<515) {x1=250; x2=484; x3=25; x4=31; } //22.5-25度
  87   1      if(wd<484) {x1=275; x2=459; x3=1; x4=1; } //25-27.5度
  88   1      if(wd<459) {x1=300; x2=439; x3=25; x4=20; } //27.5-30度
  89   1      if(wd<439) {x1=350; x2=396; x3=50; x4=43; } //30-35度
  90   1      if(wd<396) {x1=502; x2=291; x3=52; x4=36; } //50-35度
  91   1      
  92   1      return ( x1 - ( wd - x2) * x3 / x4 );
  93   1      }
  94          
  95          
  96          
  97          
  98          /*------------------------------------------------
  99                               main
 100          ------------------------------------------------*/
 101          void main()
 102          {
 103   1      unsigned int wd;
 104   1      
 105   1      
 106   1      P4SW=0x70;    //将P4.4 P4.5 P4.6设为IO口
 107   1      
 108   1      
 109   1      InitADC();
 110   1      
 111   1      D1621_Init();
 112   1      cls();
 113   1      
 114   1      beep();
 115   1      while(1)
 116   1      {
 117   2      wd=getwd(1023-ad(6));  //由于电路上 RT 和分压电阻的位置交换，所以程序里要倒一下，算法才对
C51 COMPILER V7.06   TEST                                                                  07/31/2018 10:32:49 PAGE 3   

 118   2      
 119   2      
 120   2      print(2,wd/100,0);
 121   2      print(3,wd%100/10,0);
 122   2      print(4,12,0);
 123   2      print(8,wd%10,0);
 124   2      
 125   2      DelayMs(250); 
 126   2      DelayMs(250);
 127   2      DelayMs(250);
 128   2      DelayMs(250);
 129   2      led=~led;
 130   2      
 131   2      
 132   2      
 133   2      }
 134   1      }
 135          


MODULE INFORMATION:   STATIC OVERLAYABLE
   CODE SIZE        =    802    ----
   CONSTANT SIZE    =     88    ----
   XDATA SIZE       =   ----    ----
   PDATA SIZE       =   ----    ----
   DATA SIZE        =   ----       4
   IDATA SIZE       =   ----    ----
   BIT SIZE         =   ----       1
END OF MODULE INFORMATION.


C51 COMPILATION COMPLETE.  0 WARNING(S),  0 ERROR(S)
